WROTE 25 found 0
ROW GHSA-HGX2-28F8-6G2R ory/kratos adv=False aliases=[] naff=0 nref=0 sha=c2adee419e9c6c6c35817193a2a9b45dc0022a26
ROW GHSA-R9W3-57W2-GCH2 ory/hydra adv=False aliases=[] naff=0 nref=0 sha=f28904c4d71166f31500fcdae6304eb2b856898b
ROW GHSA-C38G-MX2C-9WF2 ory/keto adv=False aliases=[] naff=0 nref=0 sha=4cb35f01dc42da7b808c681ca5639ae22095d657
ROW GHSA-GMFG-3V4Q-9QR4 authelia/authelia adv=False aliases=[] naff=0 nref=0 sha=52f01f2fa75d9ddacd40873168d76c4e74ea21a2
ROW GHSA-HXV8-4J4R-CQGV cilium/cilium adv=False aliases=[] naff=0 nref=0 sha=2c59ba7dfaa5065e3b71814b97be7d217e07cda3
ROW GHSA-MW3M-PQR2-QV7C ImageMagick/ImageMagick adv=False aliases=[] naff=0 nref=0 sha=bd4a469adb6ddb2bdcb856a3d307420268675b09
ROW GHSA-4C29-8RGM-JVJJ moby/buildkit adv=False aliases=[] naff=0 nref=0 sha=31e3fca484574ada1b392e8c8849816785bc94aa
ROW GHSA-4VRQ-3VRQ-G6GG moby/buildkit adv=False aliases=[] naff=0 nref=0 sha=31e3fca484574ada1b392e8c8849816785bc94aa
ROW GHSA-8793-7XV6-82CF ImageMagick/ImageMagick adv=False aliases=[] naff=0 nref=0 sha=bd4a469adb6ddb2bdcb856a3d307420268675b09
ROW GHSA-6P22-Q7W5-33PG ImageMagick/ImageMagick adv=False aliases=[] naff=0 nref=0 sha=bd4a469adb6ddb2bdcb856a3d307420268675b09
ROW GHSA-9R56-3GJQ-HQF7 ImageMagick/ImageMagick adv=False aliases=[] naff=0 nref=0 sha=bd4a469adb6ddb2bdcb856a3d307420268675b09
ROW GHSA-QR99-7898-VR7C traefik/traefik adv=False aliases=[] naff=0 nref=0 sha=8ac8473554d758459ae4e99dab4be7dcbb167a07
ROW GHSA-443W-3RQ3-5M5H aws/aws-sdk-java-v2 adv=False aliases=[] naff=0 nref=0 sha=2cde02bb733204fea211597e61c02ce28f6a3253
ROW GHSA-X27P-5F68-M644 trinodb/trino adv=False aliases=[] naff=0 nref=0 sha=5e1c68640bd4dfd0bed6af983cd9a90fcdf7d259
ROW GHSA-46WH-3698-F2CX traefik/traefik adv=False aliases=[] naff=0 nref=0 sha=8ac8473554d758459ae4e99dab4be7dcbb167a07
ROW GHSA-F8XP-WVCX-P6F4 cloudreve/cloudreve adv=False aliases=[] naff=0 nref=0 sha=1f580f0d8a4328e0fb515eaa16a865384cf02c44
ROW GHSA-37FQ-47QJ-6J5J YesWiki/yeswiki adv=False aliases=[] naff=0 nref=0 sha=eb440b844320740b9ab3440a84225c0b7c93231d
ROW GHSA-5724-X3RH-5QQQ YesWiki/yeswiki adv=False aliases=[] naff=0 nref=0 sha=eb440b844320740b9ab3440a84225c0b7c93231d
ROW GHSA-XPH3-R2JF-4VP3 haraka/Haraka adv=False aliases=[] naff=0 nref=0 sha=5156a69e6826e63f2ad622b238c8c58fd848b762
ROW GHSA-324Q-CWX9-7CRR kubeai-project/kubeai adv=False aliases=[] naff=0 nref=0 sha=9526264b0abb79ef178b5d0690b8f0390309daff
ROW GHSA-MVF2-F6GM-W987 nearform/fast-jwt adv=False aliases=[] naff=0 nref=0 sha=2181bf1e218088a8b174b1f32902ebcb1ae5e335
ROW GHSA-78H2-9FRX-2JM8 go-jose/go-jose adv=False aliases=[] naff=0 nref=0 sha=10dbdce82afc0c28be2a712be0ad3d9e1c43e789
ROW GHSA-HM7R-C7QW-GHP6 nearform/fast-jwt adv=False aliases=[] naff=0 nref=0 sha=2181bf1e218088a8b174b1f32902ebcb1ae5e335
ROW GHSA-56P5-8MHR-2FPH harttle/liquidjs adv=False aliases=[] naff=0 nref=0 sha=8e59daa53059456bf9f811f5a489862597aad13a
ROW GHSA-GC59-R5JQ-98QW jetty/jetty.project adv=False aliases=[] naff=0 nref=0 sha=c1e300d75731a5d5243f57e8674f954d8aace644
