WROTE /home/hanqing/agents/ai-slop/autoresearch/herdr-260814-scale1-grok46-high/advisories.json n= 25
SPEC 672c45d1f98054a597ce12aa0879daa00b884d9207884e9a10e23c0fdc2d5750
SLICE eb6bb3de216e426cb3811dd0b74f06ad1d5c137eb5e3c814266840c11d774d0a
CONTRACT cbd04ef2770d7b93e59032ec92dde3566e1d64df3b1e003dfbcfbea558f90ed3
GHSA-HGX2-28F8-6G2R path=False aliases=[] nref=0 naff=0
GHSA-R9W3-57W2-GCH2 path=False aliases=[] nref=0 naff=0
GHSA-C38G-MX2C-9WF2 path=False aliases=[] nref=0 naff=0
GHSA-GMFG-3V4Q-9QR4 path=False aliases=[] nref=0 naff=0
GHSA-HXV8-4J4R-CQGV path=False aliases=[] nref=0 naff=0
GHSA-MW3M-PQR2-QV7C path=False aliases=[] nref=0 naff=0
GHSA-4C29-8RGM-JVJJ path=False aliases=[] nref=0 naff=0
GHSA-4VRQ-3VRQ-G6GG path=False aliases=[] nref=0 naff=0
GHSA-8793-7XV6-82CF path=False aliases=[] nref=0 naff=0
GHSA-6P22-Q7W5-33PG path=False aliases=[] nref=0 naff=0
GHSA-9R56-3GJQ-HQF7 path=False aliases=[] nref=0 naff=0
GHSA-QR99-7898-VR7C path=False aliases=[] nref=0 naff=0
GHSA-443W-3RQ3-5M5H path=False aliases=[] nref=0 naff=0
GHSA-X27P-5F68-M644 path=False aliases=[] nref=0 naff=0
GHSA-46WH-3698-F2CX path=False aliases=[] nref=0 naff=0
GHSA-F8XP-WVCX-P6F4 path=False aliases=[] nref=0 naff=0
GHSA-37FQ-47QJ-6J5J path=False aliases=[] nref=0 naff=0
GHSA-5724-X3RH-5QQQ path=False aliases=[] nref=0 naff=0
GHSA-XPH3-R2JF-4VP3 path=False aliases=[] nref=0 naff=0
GHSA-324Q-CWX9-7CRR path=False aliases=[] nref=0 naff=0
GHSA-MVF2-F6GM-W987 path=False aliases=[] nref=0 naff=0
GHSA-78H2-9FRX-2JM8 path=False aliases=[] nref=0 naff=0
GHSA-HM7R-C7QW-GHP6 path=False aliases=[] nref=0 naff=0
GHSA-56P5-8MHR-2FPH path=False aliases=[] nref=0 naff=0
GHSA-GC59-R5JQ-98QW path=False aliases=[] nref=0 naff=0
